// Jest Snapshot v1, https://goo.gl/fbAQLP

exports[`DeleteEvent.vue Card has been deleted from the database Must match snapshot 1`] = `
<div>
  <div class="delete"><button type="button" class="delete-button v-btn v-btn--is-elevated v-btn--has-bg theme--light v-size--default red"><span class="v-btn__content"><i aria-hidden="true" class="v-icon notranslate mdi mdi-delete theme--light"></i></span></button>
    <div class="deletion-error">

    </div>
  </div>
  <div class="v-card__title">
    Your marketplace card has been deleted
  </div>
  <div class="v-card__subtitle">
    02 Jan 2021, 01:00
  </div>
  <div class="v-card__text">
    Your marketplace card "Card title" in the For Sale section has been removed from the marketplace
  </div>
</div>
`;
