// Jest Snapshot v1, https://goo.gl/fbAQLP

exports[`DeleteEvent.vue Card has been deleted from the database Must match snapshot 1`] = `
<div>
  <div class="delete"><button type="button" class="v-icon notranslate deleteButton v-icon--link mdi mdi-trash-can theme--light red--text"></button>
    <div class="deletion-error">

    </div>
  </div>
  <div class="v-card__title">
    Your marketplace card has been deleted
  </div>
  <div class="v-card__subtitle">
    02 Jan 2021, 01:00
  </div>
  <div class="v-card__text">
    Your marketplace card "Card title" in the For Sale section has been removed from the marketplace
  </div>
</div>
`;
